../drivers/Src/stm32f407_USART_drivers.c:4:13:Clear_OVR_IDLE_FLAG	24	static
../drivers/Src/stm32f407_USART_drivers.c:10:6:USART_PeriClockControl	16	static
../drivers/Src/stm32f407_USART_drivers.c:48:6:USART_PeripheralControl	16	static
../drivers/Src/stm32f407_USART_drivers.c:56:9:USART_GetFlagStatus	16	static
../drivers/Src/stm32f407_USART_drivers.c:64:6:USART_ClearFlag	16	static
../drivers/Src/stm32f407_USART_drivers.c:69:6:USART_Init	24	static
../drivers/Src/stm32f407_USART_drivers.c:165:6:USART_deinit	16	static
../drivers/Src/stm32f407_USART_drivers.c:192:6:USART_SetBaudRate	40	static
../drivers/Src/stm32f407_USART_drivers.c:256:6:USART_SendData	32	static
../drivers/Src/stm32f407_USART_drivers.c:304:6:USART_ReceiveData	32	static
../drivers/Src/stm32f407_USART_drivers.c:368:9:USART_SendDataIT	32	static
../drivers/Src/stm32f407_USART_drivers.c:392:9:USART_ReceiveDataIT	32	static
../drivers/Src/stm32f407_USART_drivers.c:414:6:USART_IRQInterruptConfig	16	static
../drivers/Src/stm32f407_USART_drivers.c:439:6:USART_IRQPriorityConfig	24	static
../drivers/Src/stm32f407_USART_drivers.c:446:6:USART_IRQHandling	24	static
../drivers/Src/stm32f407_USART_drivers.c:611:13:USART_EventCallBack	16	static
