../drivers/Src/stm32f407_FLASH_drivers.c:11:13:Flash_flushcache	4	static
../drivers/Src/stm32f407_FLASH_drivers.c:30:6:Flash_Lock	4	static
../drivers/Src/stm32f407_FLASH_drivers.c:33:6:FLash_Unlock	4	static
../drivers/Src/stm32f407_FLASH_drivers.c:40:6:Flash_OB_Lock	4	static
../drivers/Src/stm32f407_FLASH_drivers.c:43:6:Flash_OB_Unlock	4	static
../drivers/Src/stm32f407_FLASH_drivers.c:50:6:Flash_Erase_Sector7	8	static
../drivers/Src/stm32f407_FLASH_drivers.c:72:6:Flash_read_Sector7	24	static
../drivers/Src/stm32f407_FLASH_drivers.c:89:6:Flash_program_BYTE	16	static
